node.exe : ΓÜá Warning: Next.js inferred your workspace root, 
but it may not be correct.
At C:\Program Files\nodejs\npx.ps1:29 char:3
+   & $NODE_EXE $NPX_CLI_JS $args
+   ~~~~~~~~~~~~~~~~~~~~~~~~~~~~~
    + CategoryInfo          : NotSpecified: (ΓÜá Warning: Ne...n 
   ot be correct.:String) [], RemoteException
    + FullyQualifiedErrorId : NativeCommandError
 
 We detected multiple lockfiles and selected the directory of 
C:\Users\Shubh Varshney\pnpm-lock.yaml as the root directory.
 To silence this warning, set `turbopack.root` in your Next.js 
config, or consider removing one of the lockfiles if it's not 
needed.
   See https://nextjs.org/docs/app/api-reference/config/next-conf
ig-js/turbopack#root-directory for more information.
 Detected additional lockfiles: 
   * C:\Users\Shubh Varshney\Downloads\project\package-lock.json

Γû▓ Next.js 16.1.1 (Turbopack)
- Environments: .env

  Creating an optimized production build ...
Γ£ô Compiled successfully in 6.9s
  Running TypeScript ...
  Collecting page data using 11 workers ...
  Generating static pages using 11 workers (0/9) ...
Γ¿» useSearchParams() should be wrapped in a suspense boundary 
at page "/overview". Read more: https://nextjs.org/docs/messages/
missing-suspense-with-csr-bailout
    at Q (C:\Users\Shubh Varshney\Downloads\project\.next\server\
chunks\ssr\Downloads_project_fbc691c4._.js:4:2111)
    at o (C:\Users\Shubh Varshney\Downloads\project\.next\server\
chunks\ssr\Downloads_project_fbc691c4._.js:6:5283)
    at uI (C:\Users\Shubh Varshney\Downloads\project\.next\server
\chunks\ssr\Downloads_project_5921985e._.js:1:357042)
    at an (C:\Users\Shubh Varshney\Downloads\project\node_modules
\next\dist\compiled\next-server\app-page-turbo.runtime.prod.js:2:
84360)
    at ai (C:\Users\Shubh Varshney\Downloads\project\node_modules
\next\dist\compiled\next-server\app-page-turbo.runtime.prod.js:2:
86179)
    at al (C:\Users\Shubh Varshney\Downloads\project\node_modules
\next\dist\compiled\next-server\app-page-turbo.runtime.prod.js:2:
107953)
    at as (C:\Users\Shubh Varshney\Downloads\project\node_modules
\next\dist\compiled\next-server\app-page-turbo.runtime.prod.js:2:
105368)
    at aa (C:\Users\Shubh Varshney\Downloads\project\node_modules
\next\dist\compiled\next-server\app-page-turbo.runtime.prod.js:2:
84712)
    at ai (C:\Users\Shubh Varshney\Downloads\project\node_modules
\next\dist\compiled\next-server\app-page-turbo.runtime.prod.js:2:
86228)
    at ai (C:\Users\Shubh Varshney\Downloads\project\node_modules
\next\dist\compiled\next-server\app-page-turbo.runtime.prod.js:2:
104708)
Error occurred prerendering page "/overview". Read more: 
https://nextjs.org/docs/messages/prerender-error
Export encountered an error on /overview/page: /overview, 
exiting the build.
Γ¿» Next.js build worker exited with code: 1 and signal: null
